GCC: (Ubuntu 11.4.0-1ubuntu1~22.04) 11.4.0
GHC 9.8.2
GCC: (Ubuntu 9.4.0-1ubuntu1~20.04.2) 9.4.0
rustc version 1.76.0 (07dca489a 2024-02-04)
GCC: (Ubuntu 12.3.0-1ubuntu1~22.04) 12.3.0
gold 1.16
