5.0
Escaped?
Contains double char "
newline lol

another
