real	lib/github.com/diku-dk/complex/complex.fut	call cursor(50,3)
complex	lib/github.com/diku-dk/complex/complex.fut	call cursor(51,3)
mk	lib/github.com/diku-dk/complex/complex.fut	call cursor(53,3)
mk_re	lib/github.com/diku-dk/complex/complex.fut	call cursor(54,3)
mk_im	lib/github.com/diku-dk/complex/complex.fut	call cursor(55,3)
conj	lib/github.com/diku-dk/complex/complex.fut	call cursor(57,3)
re	lib/github.com/diku-dk/complex/complex.fut	call cursor(58,3)
im	lib/github.com/diku-dk/complex/complex.fut	call cursor(59,3)
		call cursor(lib/github.com/diku-dk/complex/complex.fut,61)
-	lib/github.com/diku-dk/complex/complex.fut	call cursor(62,3)
*	lib/github.com/diku-dk/complex/complex.fut	call cursor(63,3)
/	lib/github.com/diku-dk/complex/complex.fut	call cursor(65,3)
mag	lib/github.com/diku-dk/complex/complex.fut	call cursor(69,3)
arg	lib/github.com/diku-dk/complex/complex.fut	call cursor(71,3)
sqrt	lib/github.com/diku-dk/complex/complex.fut	call cursor(74,3)
exp	lib/github.com/diku-dk/complex/complex.fut	call cursor(80,3)
log	lib/github.com/diku-dk/complex/complex.fut	call cursor(84,3)
real	lib/github.com/diku-dk/fft/stockham-radix-2.fut	call cursor(15,3)
complex	lib/github.com/diku-dk/fft/stockham-radix-2.fut	call cursor(16,3)
radix	lib/github.com/diku-dk/fft/stockham-radix-2.fut	call cursor(18,3)
fft_iteration	lib/github.com/diku-dk/fft/stockham-radix-2.fut	call cursor(20,3)
fft'	lib/github.com/diku-dk/fft/stockham-radix-2.fut	call cursor(30,3)
log2	lib/github.com/diku-dk/fft/stockham-radix-2.fut	call cursor(46,3)
is_power_of_2	lib/github.com/diku-dk/fft/stockham-radix-2.fut	call cursor(54,3)
generic_fft	lib/github.com/diku-dk/fft/stockham-radix-2.fut	call cursor(56,3)
fft	lib/github.com/diku-dk/fft/stockham-radix-2.fut	call cursor(62,3)
ifft	lib/github.com/diku-dk/fft/stockham-radix-2.fut	call cursor(65,3)
fft_re	lib/github.com/diku-dk/fft/stockham-radix-2.fut	call cursor(69,3)
ifft_re	lib/github.com/diku-dk/fft/stockham-radix-2.fut	call cursor(72,3)
generic_fft2	lib/github.com/diku-dk/fft/stockham-radix-2.fut	call cursor(75,3)
fft2	lib/github.com/diku-dk/fft/stockham-radix-2.fut	call cursor(84,3)
ifft2	lib/github.com/diku-dk/fft/stockham-radix-2.fut	call cursor(87,3)
fft2_re	lib/github.com/diku-dk/fft/stockham-radix-2.fut	call cursor(91,3)
ifft2_re	lib/github.com/diku-dk/fft/stockham-radix-2.fut	call cursor(94,3)
t	lib/github.com/diku-dk/statistics/gammaln.fut	call cursor(88,1)
A1C	lib/github.com/diku-dk/statistics/gammaln.fut	call cursor(90,1)
A1	lib/github.com/diku-dk/statistics/gammaln.fut	call cursor(91,1)
A2C	lib/github.com/diku-dk/statistics/gammaln.fut	call cursor(97,1)
A2	lib/github.com/diku-dk/statistics/gammaln.fut	call cursor(98,1)
RC	lib/github.com/diku-dk/statistics/gammaln.fut	call cursor(105,1)
R'	lib/github.com/diku-dk/statistics/gammaln.fut	call cursor(107,1)
SC	lib/github.com/diku-dk/statistics/gammaln.fut	call cursor(115,1)
S	lib/github.com/diku-dk/statistics/gammaln.fut	call cursor(117,1)
T1C	lib/github.com/diku-dk/statistics/gammaln.fut	call cursor(124,1)
T1	lib/github.com/diku-dk/statistics/gammaln.fut	call cursor(125,1)
T2C	lib/github.com/diku-dk/statistics/gammaln.fut	call cursor(130,1)
T2	lib/github.com/diku-dk/statistics/gammaln.fut	call cursor(131,1)
T3C	lib/github.com/diku-dk/statistics/gammaln.fut	call cursor(136,1)
T3	lib/github.com/diku-dk/statistics/gammaln.fut	call cursor(137,1)
UC	lib/github.com/diku-dk/statistics/gammaln.fut	call cursor(142,1)
U	lib/github.com/diku-dk/statistics/gammaln.fut	call cursor(143,1)
VC	lib/github.com/diku-dk/statistics/gammaln.fut	call cursor(149,1)
V	lib/github.com/diku-dk/statistics/gammaln.fut	call cursor(150,1)
WC	lib/github.com/diku-dk/statistics/gammaln.fut	call cursor(156,1)
W	lib/github.com/diku-dk/statistics/gammaln.fut	call cursor(157,1)
YMIN	lib/github.com/diku-dk/statistics/gammaln.fut	call cursor(164,1)
TWO52	lib/github.com/diku-dk/statistics/gammaln.fut	call cursor(165,1)
TWO58	lib/github.com/diku-dk/statistics/gammaln.fut	call cursor(166,1)
TINY	lib/github.com/diku-dk/statistics/gammaln.fut	call cursor(167,1)
TC	lib/github.com/diku-dk/statistics/gammaln.fut	call cursor(168,1)
TF	lib/github.com/diku-dk/statistics/gammaln.fut	call cursor(169,1)
TT	lib/github.com/diku-dk/statistics/gammaln.fut	call cursor(170,1)
evalpoly	lib/github.com/diku-dk/statistics/gammaln.fut	call cursor(172,1)
polyvalA1	lib/github.com/diku-dk/statistics/gammaln.fut	call cursor(175,1)
polyvalA2	lib/github.com/diku-dk/statistics/gammaln.fut	call cursor(176,1)
polyvalR	lib/github.com/diku-dk/statistics/gammaln.fut	call cursor(177,1)
polyvalS	lib/github.com/diku-dk/statistics/gammaln.fut	call cursor(178,1)
polyvalT1	lib/github.com/diku-dk/statistics/gammaln.fut	call cursor(179,1)
polyvalT2	lib/github.com/diku-dk/statistics/gammaln.fut	call cursor(180,1)
polyvalT3	lib/github.com/diku-dk/statistics/gammaln.fut	call cursor(181,1)
polyvalU	lib/github.com/diku-dk/statistics/gammaln.fut	call cursor(182,1)
polyvalV	lib/github.com/diku-dk/statistics/gammaln.fut	call cursor(183,1)
polyvalW	lib/github.com/diku-dk/statistics/gammaln.fut	call cursor(184,1)
sinpi	lib/github.com/diku-dk/statistics/gammaln.fut	call cursor(186,1)
case0	lib/github.com/diku-dk/statistics/gammaln.fut	call cursor(188,1)
case1	lib/github.com/diku-dk/statistics/gammaln.fut	call cursor(195,1)
case2	lib/github.com/diku-dk/statistics/gammaln.fut	call cursor(204,1)
gammaln	lib/github.com/diku-dk/statistics/gammaln.fut	call cursor(209,1)
radix_sort_step	lib/github.com/diku-dk/sorts/radix_sort.fut	call cursor(14,7)
radix_sort	lib/github.com/diku-dk/sorts/radix_sort.fut	call cursor(50,1)
with_indices	lib/github.com/diku-dk/sorts/radix_sort.fut	call cursor(55,1)
by_key_wrapper	lib/github.com/diku-dk/sorts/radix_sort.fut	call cursor(58,7)
radix_sort_by_key	lib/github.com/diku-dk/sorts/radix_sort.fut	call cursor(65,1)
radix_sort_int	lib/github.com/diku-dk/sorts/radix_sort.fut	call cursor(73,1)
radix_sort_int_by_key	lib/github.com/diku-dk/sorts/radix_sort.fut	call cursor(82,1)
radix_sort_float	lib/github.com/diku-dk/sorts/radix_sort.fut	call cursor(91,1)
radix_sort_float_by_key	lib/github.com/diku-dk/sorts/radix_sort.fut	call cursor(107,1)
segmented_scan	lib/github.com/diku-dk/segmented/segmented.fut	call cursor(7,1)
segmented_reduce	lib/github.com/diku-dk/segmented/segmented.fut	call cursor(20,1)
replicated_iota	lib/github.com/diku-dk/segmented/segmented.fut	call cursor(44,1)
segmented_iota	lib/github.com/diku-dk/segmented/segmented.fut	call cursor(58,1)
expand	lib/github.com/diku-dk/segmented/segmented.fut	call cursor(70,1)
expand_reduce	lib/github.com/diku-dk/segmented/segmented.fut	call cursor(84,1)
expand_outer_reduce	lib/github.com/diku-dk/segmented/segmented.fut	call cursor(97,1)
t	lib/github.com/diku-dk/statistics/statistics.fut	call cursor(130,3)
argmax	lib/github.com/diku-dk/statistics/statistics.fut	call cursor(135,3)
mean	lib/github.com/diku-dk/statistics/statistics.fut	call cursor(140,3)
gmean	lib/github.com/diku-dk/statistics/statistics.fut	call cursor(143,3)
hmean	lib/github.com/diku-dk/statistics/statistics.fut	call cursor(146,3)
qmean	lib/github.com/diku-dk/statistics/statistics.fut	call cursor(149,3)
pow2	lib/github.com/diku-dk/statistics/statistics.fut	call cursor(152,3)
pow3	lib/github.com/diku-dk/statistics/statistics.fut	call cursor(153,3)
pow4	lib/github.com/diku-dk/statistics/statistics.fut	call cursor(154,3)
variance	lib/github.com/diku-dk/statistics/statistics.fut	call cursor(156,3)
stddev	lib/github.com/diku-dk/statistics/statistics.fut	call cursor(161,3)
covariance0	lib/github.com/diku-dk/statistics/statistics.fut	call cursor(164,3)
covariance	lib/github.com/diku-dk/statistics/statistics.fut	call cursor(168,3)
correlation	lib/github.com/diku-dk/statistics/statistics.fut	call cursor(171,3)
covariance_matrix	lib/github.com/diku-dk/statistics/statistics.fut	call cursor(174,3)
variance_pop	lib/github.com/diku-dk/statistics/statistics.fut	call cursor(182,3)
stddev_pop	lib/github.com/diku-dk/statistics/statistics.fut	call cursor(185,3)
skewness	lib/github.com/diku-dk/statistics/statistics.fut	call cursor(188,3)
skewness_adj	lib/github.com/diku-dk/statistics/statistics.fut	call cursor(194,3)
kurtosis	lib/github.com/diku-dk/statistics/statistics.fut	call cursor(197,3)
kurtosis_excess	lib/github.com/diku-dk/statistics/statistics.fut	call cursor(203,3)
median_sorted	lib/github.com/diku-dk/statistics/statistics.fut	call cursor(206,3)
median	lib/github.com/diku-dk/statistics/statistics.fut	call cursor(212,3)
quantile_sorted	lib/github.com/diku-dk/statistics/statistics.fut	call cursor(214,3)
quantile	lib/github.com/diku-dk/statistics/statistics.fut	call cursor(222,3)
mode_sorted	lib/github.com/diku-dk/statistics/statistics.fut	call cursor(224,3)
mode	lib/github.com/diku-dk/statistics/statistics.fut	call cursor(232,3)
regression_result	lib/github.com/diku-dk/statistics/statistics.fut	call cursor(234,3)
regress	lib/github.com/diku-dk/statistics/statistics.fut	call cursor(236,3)
gamma_big	lib/github.com/diku-dk/statistics/statistics.fut	call cursor(248,3)
gamma	lib/github.com/diku-dk/statistics/statistics.fut	call cursor(265,3)
gammaln	lib/github.com/diku-dk/statistics/statistics.fut	call cursor(272,3)
dist	lib/github.com/diku-dk/statistics/statistics.fut	call cursor(275,3)
poison_pmf	lib/github.com/diku-dk/statistics/statistics.fut	call cursor(277,3)
fac	lib/github.com/diku-dk/statistics/statistics.fut	call cursor(280,3)
poison_cdf	lib/github.com/diku-dk/statistics/statistics.fut	call cursor(283,3)
normal_pdf	lib/github.com/diku-dk/statistics/statistics.fut	call cursor(287,3)
erf	lib/github.com/diku-dk/statistics/statistics.fut	call cursor(290,3)
normal_cdf	lib/github.com/diku-dk/statistics/statistics.fut	call cursor(306,3)
normal_cdf_inv	lib/github.com/diku-dk/statistics/statistics.fut	call cursor(309,3)
poison_cdf_inv	lib/github.com/diku-dk/statistics/statistics.fut	call cursor(371,3)
mk_poison	lib/github.com/diku-dk/statistics/statistics.fut	call cursor(373,3)
mk_normal	lib/github.com/diku-dk/statistics/statistics.fut	call cursor(376,3)
mk_uniform	lib/github.com/diku-dk/statistics/statistics.fut	call cursor(379,3)
pmf	lib/github.com/diku-dk/statistics/statistics.fut	call cursor(387,3)
pdf	lib/github.com/diku-dk/statistics/statistics.fut	call cursor(388,3)
cdf	lib/github.com/diku-dk/statistics/statistics.fut	call cursor(389,3)
sample	lib/github.com/diku-dk/statistics/statistics.fut	call cursor(391,3)
cum_norm_dist_pos	lib/github.com/diku-dk/statistics/statistics.fut	call cursor(394,3)
cum_norm_dist	lib/github.com/diku-dk/statistics/statistics.fut	call cursor(405,3)
num	lib/github.com/vmchale/img-fut/img.fut	call cursor(79,3)
border	lib/github.com/vmchale/img-fut/img.fut	call cursor(81,3)
window	lib/github.com/vmchale/img-fut/img.fut	call cursor(83,9)
with_window_reflect	lib/github.com/vmchale/img-fut/img.fut	call cursor(87,3)
with_window_extended	lib/github.com/vmchale/img-fut/img.fut	call cursor(118,3)
with_window	lib/github.com/vmchale/img-fut/img.fut	call cursor(149,3)
maximum_2d	lib/github.com/vmchale/img-fut/img.fut	call cursor(154,3)
minimum_2d	lib/github.com/vmchale/img-fut/img.fut	call cursor(157,3)
maximum_filter	lib/github.com/vmchale/img-fut/img.fut	call cursor(161,3)
minimum_filter	lib/github.com/vmchale/img-fut/img.fut	call cursor(164,3)
matmul	lib/github.com/vmchale/img-fut/img.fut	call cursor(167,3)
correlate	lib/github.com/vmchale/img-fut/img.fut	call cursor(173,3)
convolve	lib/github.com/vmchale/img-fut/img.fut	call cursor(185,3)
ez_resize	lib/github.com/vmchale/img-fut/img.fut	call cursor(192,3)
crop	lib/github.com/vmchale/img-fut/img.fut	call cursor(200,3)
num	lib/github.com/vmchale/img-fut/img.fut	call cursor(210,3)
real	lib/github.com/vmchale/img-fut/img.fut	call cursor(211,3)
border	lib/github.com/vmchale/img-fut/img.fut	call cursor(217,3)
with_window	lib/github.com/vmchale/img-fut/img.fut	call cursor(219,3)
maximum_filter	lib/github.com/vmchale/img-fut/img.fut	call cursor(220,3)
minimum_filter	lib/github.com/vmchale/img-fut/img.fut	call cursor(221,3)
maximum_2d	lib/github.com/vmchale/img-fut/img.fut	call cursor(222,3)
minimum_2d	lib/github.com/vmchale/img-fut/img.fut	call cursor(223,3)
convolve	lib/github.com/vmchale/img-fut/img.fut	call cursor(224,3)
correlate	lib/github.com/vmchale/img-fut/img.fut	call cursor(225,3)
ez_resize	lib/github.com/vmchale/img-fut/img.fut	call cursor(226,3)
crop	lib/github.com/vmchale/img-fut/img.fut	call cursor(227,3)
mean_filter	lib/github.com/vmchale/img-fut/img.fut	call cursor(229,3)
conjugate_fft	lib/github.com/vmchale/img-fut/img.fut	call cursor(238,9)
fft_mean_filter	lib/github.com/vmchale/img-fut/img.fut	call cursor(247,3)
sobel	lib/github.com/vmchale/img-fut/img.fut	call cursor(255,3)
laplacian	lib/github.com/vmchale/img-fut/img.fut	call cursor(272,3)
prewitt	lib/github.com/vmchale/img-fut/img.fut	call cursor(279,3)
scale_2d	lib/github.com/vmchale/img-fut/img.fut	call cursor(296,9)
laplacian_of_gaussian	lib/github.com/vmchale/img-fut/img.fut	call cursor(300,3)
gaussian	lib/github.com/vmchale/img-fut/img.fut	call cursor(330,3)
num	lib/github.com/vmchale/img-fut/img.fut	call cursor(370,3)
real	lib/github.com/vmchale/img-fut/img.fut	call cursor(371,3)
float	lib/github.com/vmchale/img-fut/img.fut	call cursor(372,3)
border	lib/github.com/vmchale/img-fut/img.fut	call cursor(374,3)
correlate	lib/github.com/vmchale/img-fut/img.fut	call cursor(377,3)
convolve	lib/github.com/vmchale/img-fut/img.fut	call cursor(378,3)
sobel	lib/github.com/vmchale/img-fut/img.fut	call cursor(379,3)
prewitt	lib/github.com/vmchale/img-fut/img.fut	call cursor(380,3)
mean_filter	lib/github.com/vmchale/img-fut/img.fut	call cursor(381,3)
maximum_filter	lib/github.com/vmchale/img-fut/img.fut	call cursor(382,3)
minimum_filter	lib/github.com/vmchale/img-fut/img.fut	call cursor(383,3)
with_window	lib/github.com/vmchale/img-fut/img.fut	call cursor(384,3)
maximum_2d	lib/github.com/vmchale/img-fut/img.fut	call cursor(385,3)
minimum_2d	lib/github.com/vmchale/img-fut/img.fut	call cursor(386,3)
ez_resize	lib/github.com/vmchale/img-fut/img.fut	call cursor(387,3)
crop	lib/github.com/vmchale/img-fut/img.fut	call cursor(388,3)
gaussian	lib/github.com/vmchale/img-fut/img.fut	call cursor(389,3)
laplacian	lib/github.com/vmchale/img-fut/img.fut	call cursor(390,3)
laplacian_of_gaussian	lib/github.com/vmchale/img-fut/img.fut	call cursor(391,3)
fft_mean_filter	lib/github.com/vmchale/img-fut/img.fut	call cursor(392,3)
median_filter	lib/github.com/vmchale/img-fut/img.fut	call cursor(395,3)
