/Users/vanessa/.opam/default/bin:/Users/vanessa/.cabal/bin:/Users/vanessa/.ghcup/bin:/Library/Frameworks/Python.framework/Versions/3.13/bin:/Library/Frameworks/Python.framework/Versions/3.12/bin:/Library/Frameworks/Python.framework/Versions/3.11/bin:/Library/Frameworks/Python.framework/Versions/3.10/bin:/usr/local/bin:/System/Cryptexes/App/usr/bin:/usr/bin:/bin:/usr/sbin:/sbin:/var/run/com.apple.security.cryptexd/codex.system/bootstrap/usr/local/bin:/var/run/com.apple.security.cryptexd/codex.system/bootstrap/usr/bin:/var/run/com.apple.security.cryptexd/codex.system/bootstrap/usr/appleinternal/bin:/opt/X11/bin:/Library/TeX/texbin:/usr/local/go/bin:/Users/vanessa/.cpm/bin:/Users/vanessa/pakcs/bin:/Users/vanessa/.local/bin:/Users/vanessa/.cargo/bin:/Applications/iTerm.app/Contents/Resources/utilities:/Users/vanessa/.fzf/bin
