-L/Users/vanessa/Library/Python/3.13/lib/python/site-packages -L/Library/Frameworks/Python.framework/Versions/3.13/lib/python3.13/site-packages
