/Users/vanessa/dev/haskell/apple/include/apple.h /Users/vanessa/dev/haskell/apple/include/m.h /Users/vanessa/dev/haskell/apple/c/ffi.c /Users/vanessa/dev/haskell/apple/include/apple_abi.h
