/Users/vanessa/dev/haskell/apple/dist-newstyle/build/aarch64-osx/ghc-9.10.1/apple-0.3.0.0/build
/Users/vanessa/.ghcup/ghc/9.10.1/lib/ghc-9.10.1/lib/aarch64-osx-ghc-9.10.1
/Users/vanessa/.local/state/cabal/store/ghc-9.10.1-64dd/lib
/Library/Developer/CommandLineTools/SDKs/MacOSX15.1.sdk/usr/lib
/Users/vanessa/.ghcup/ghc/9.10.1/lib/ghc-9.10.1/lib/../lib/aarch64-osx-ghc-9.10.1
