CREATE TABLE c (Series_reference TEXT, Period TEXT, Data_value TEXT, STATUS TEXT, UNITS TEXT, Subject TEXT, Group TEXT, Series_title_1 TEXT);
