https://soundcloud.com/shitzulover07/ayesha-erotica-vacation-bible-school
